---
source: adx/src/main.rs
info:
  program: adx
  args:
    - qtc
---
success: true
exit_code: 0
----- stdout -----
Searching for qtc
No results found!

----- stderr -----
